   ▲ Next.js 15.2.4
   - Environments: .env.local

   Creating an optimized production build ...
node.exe : <w> [webpack.cache.PackFileCacheStrategy] Serializing big strings (215kiB) impacts deserialization 
performance (consider using Buffer instead and decode when needed)
At line:1 char:1
+ & "D:\/node.exe" "C:\Users\Neeraj Guleria\AppData\Roaming\npm/node_mo ...
+ ~~~~~~~~~~~~~~~~~~~~~~~~~~~~~~~~~~~~~~~~~~~~~~~~~~~~~~~~~~~~~~~~~~~~~
    + CategoryInfo          : NotSpecified: (<w> [webpack.ca...de when needed):String) [], RemoteException
    + FullyQualifiedErrorId : NativeCommandError
 
 ✓ Compiled successfully
   Linting and checking validity of types ...

   We detected TypeScript in your project and reconfigured your tsconfig.json file for you.
   The following mandatory changes were made to your tsconfig.json:

   	- jsx was set to preserve (next.js implements its own optimized jsx transform)

   Collecting page data ...
   Generating static pages (0/44) ...
   Generating static pages (11/44) 
   Generating static pages (22/44) 
   Generating static pages (33/44) 
 ✓ Generating static pages (44/44)
   Finalizing page optimization ...
   Collecting build traces ...

Route (app)                                 Size  First Load JS
┌ ○ /                                    3.36 kB         205 kB
├ ○ /_not-found                            981 B         102 kB
├ ○ /about                               1.66 kB         138 kB
├ ○ /admin                                  1 kB         167 kB
├ ○ /admin/charities                        4 kB         167 kB
├ ○ /admin/draw                          2.85 kB         165 kB
├ ○ /admin/draws                          1.1 kB         164 kB
├ ○ /admin/reports                       1.44 kB         164 kB
├ ○ /admin/signup                        1.57 kB         105 kB
├ ○ /admin/users                         1.73 kB         164 kB
├ ○ /admin/winners                       1.95 kB         165 kB
├ ƒ /api/admin/signup                      176 B         101 kB
├ ƒ /api/admin/winners                     176 B         101 kB
├ ƒ /api/charities                         176 B         101 kB
├ ƒ /api/donate                            176 B         101 kB
├ ƒ /api/draw                              176 B         101 kB
├ ƒ /api/draw/match                        176 B         101 kB
├ ƒ /api/draw/prizes                       176 B         101 kB
├ ƒ /api/notifications/welcome             176 B         101 kB
├ ƒ /api/scores                            176 B         101 kB
├ ƒ /api/seed                              176 B         101 kB
├ ƒ /api/stripe/cancel                     176 B         101 kB
├ ƒ /api/stripe/checkout                   176 B         101 kB
├ ƒ /api/stripe/webhook                    176 B         101 kB
├ ○ /auth/forgot-password                1.26 kB         167 kB
├ ○ /auth/login                          1.74 kB         167 kB
├ ○ /auth/reset-password                 1.39 kB         167 kB
├ ○ /auth/signup                         2.55 kB         168 kB
├ ○ /auth/verify-email                    9.8 kB         150 kB
├ ○ /campaigns                           1.16 kB         164 kB
├ ƒ /campaigns/[id]                      2.31 kB         204 kB
├ ○ /charities                           2.31 kB         168 kB
├ ƒ /charities/[id]                      5.02 kB         207 kB
├ ○ /dashboard                            4.5 kB         170 kB
├ ○ /dashboard/draw                      3.31 kB         166 kB
├ ○ /dashboard/history                   3.51 kB         166 kB
├ ○ /dashboard/impact                    4.05 kB         167 kB
├ ○ /dashboard/profile                   4.34 kB         167 kB
├ ○ /dashboard/scores                    26.4 kB         192 kB
├ ○ /dashboard/winner-proof              3.56 kB         166 kB
├ ○ /impact                              2.45 kB         204 kB
├ ○ /privacy                                1 kB         102 kB
├ ○ /subscribe                           1.58 kB         164 kB
└ ○ /terms                               1.21 kB         102 kB
+ First Load JS shared by all             101 kB
  ├ chunks/1684-984feb620ec5edc7.js      45.3 kB
  ├ chunks/4bd1b696-4fee3bd998d25bba.js  53.2 kB
  └ other shared chunks (total)          1.99 kB


ƒ Middleware                             85.8 kB

○  (Static)   prerendered as static content
ƒ  (Dynamic)  server-rendered on demand

